2
2
2
2
2
2
2
2
2
2
2
2
2
2
2
2
2
2
2
2
2
2
2
2
2
2
2
2
2
2
4
4
4
4
4
4
4
4
4
4
4
4
4
4
4
4
4
4
4
4
4
4
4
4
4
4
4
4
4
4
8
8
8
8
8
8
8
8
8
8
8
8
8
12
12
12
12
12
12
12
12
12
12
12
12
12
12
12
12
12
16
16
16
16
16
16
20
20
20
20
20
20
20
24
24
24
24
24
24
24
24
24
24
24
24
24
30
30
30
30
32
32
32
36
36
36
40
40
40
40
45
45
45
48
48
48
48
48
48
54
54
54
54
54
54
54
60
60
60
60
64
64
68
72
72
76
80
80
85
85
90
90
90
96
96
96
102
102
102
108
108
108
114
114
114
114
120
120
120
120
128
132
140
144
148
153
160
165
170
175
180
185
185
192
198
198
204
210
210
216
216
222
222
229
236
236
240
240
247
247
256
268
280
288
301
310
320
330
340
350
360
371
376
384
396
402
408
420
426
432
438
445
451
459
466
473
480
487
495
502
512
536
561
580
603
625
645
665
685
701
720
742
758
774
792
804
822
841
854
870
883
897
911
925
939
953
967
982
997
1005
1024
1072
1117
1165
1210
1252
1295
1335
1370
1407
1445
1478
1513
1548
1584
1614
1650
1675
1709
1741
1768
1802
1830
1857
1885
1914
1942
1965
1995
2017
2048
2145
2239
2335
2422
2505
2590
2665
2746
2820
2896
2963
3032
3102
3168
3235
3301
3359
3424
3483
3543
3605
3661
3714
3772
3829
3885
3937
3990
4036
4096
4294
4483
4666
4844
5014
5180
5336
5492
5641
5787
5934
6071
6210
6342
6472
6604
6726
6850
6972
7093
7211
7323
7436
7545
7661
7770
7875
7981
8081
8192
8592
8972
9337
9689
10031
10360
10677
10986
11289
11581
11871
12146
12420
12690
12951
13209
13460
13706
13945
14182
14423
14647
14880
15098
15324
15540
15751
15963
16171
16384
17180
17942
18679
19384
20064
20720
21356
21977
22581
23168
23736
24300
24846
25380
25902
26418
26915
27414
27897
28373
28846
29303
29756
30206
30649
31080
31511
31934
32353
32768
34365
35891
37360
38769
40129
41446
42719
43960
45164
46338
47480
48596
49692
50761
51806
52828
53837
54829
55795
56748
57693
58615
59521
60420
61299
62168
63024
63870
64710
65536
68731
71788
74720
77539
80263
82897
85445
87922
90334
92677
94968
97201
99385
101524
103619
105665
107684
109661
111597
113506
115387
117231
119050
120835
122606
124338
126057
127748
129422
131072
137467
143580
149441
155084
160528
165790
170891
175850
180665
185360
189933
194405
198778
203055
207240
211341
215372
219324
223202
227021
230775
234465
238102
241679
245206
248684
252117
255504
258846
262144
274936
287163
298885
310170
321058
331580
341785
351692
361332
370722
379871
388814
397558
406110
414482
422686
430746
438648
446407
454045
461551
468933
476205
483363
490412
497370
504235
511010
517675
524288
549873
574329
597772
620342
642117
663160
683573
703386
722666
741445
759746
777629
795117
812220
828966
845376
861467
877297
892816
908067
923103
937868
952410
966729
980826
994741
1008472
1022022
1035355
1048576
1099747
1148624
1195547
1240685
1284235
1326321
1367148
1406775
1445334
1482894
1519496
1555260
1590235
1624441
1657935
1690756
1722936
1754594
1785634
1816136
1846207
1875738
1904822
1933464
1961654
1989482
2016945
2044044
2070712
2097152
2199496
2297250
2391096
2481372
2568471
2652643
2734299
2813551
2890669
2965791
3038994
3110523
3180471
3248884
3315870
3381517
3445875
3509189
3571271
3632273
3692415
3751480
3809646
3866931
3923310
3978966
4033890
4088090
4141427
4194304
4398993
4594502
4782194
4962747
5136944
5305288
5468601
5627104
5781340
5931584
6077993
6221049
6360942
6497769
6631740
6763037
6891754
7018379
7142545
7264549
7384830
7502964
7619296
7733865
7846621
7957933
8067782
8176182
8282858
8388608
8797988
9189007
9564388
9925494
10273889
10610578
10937205
11254209
11562681
11863170
12155988
12442100
12721885
12995538
13263481
13526076
13783511
14036758
14285092
14529099
14769661
15005930
15238594
15467732
15693243
15915867
16135565
16352366
16565719
16777216
17595977
18378017
19128777
19850990
20547779
21221157
21874413
22508420
23125365
23726340
24311981
24884203
25443770
25991077
26526964
27052156
27567026
28073518
28570186
29058200
29539323
30011861
30477191
30935465
31386487
31831736
32271132
32704734
33131441
33554432
35191956
36756037
38257556
39701981
41095558
42442315
43748829
45016840
46250732
47452681
48623965
49768408
50887540
51982154
53053930
54104317
55134056
56147037
57140375
58116401
59078646
60023723
60954384
61870932
62772976
63663472
64542266
65409470
66262885
67108864
70383913
73512080
76515118
79403963
82191117
84884635
87497663
90033686
92501471
94905369
97247939
99536822
101775082
103964309
106107861
108208642
110268121
112294074
114280758
116232811
118157292
120047448
121908768
123741867
125545960
127326952
129084540
130818942
132525778
134217728
140767832
147024166
153030243
158807930
164382235
169769275
174995333
180067378
185002949
189810740
194495886
199073651
203550173
207928626
212215729
216417292
220536251
224588154
228561524
232465630
236314584
240094905
243817545
247483742
251091928
254653913
258169088
261637893
265051566
268435456
281535671
294048340
306060489
317615866
328764474
339538557
349990674
360134763
370005907
379621486
388991783
398147312
407100353
415857258
424431466
432834593
441072511
449176316
457123057
464931271
472629168
480189818
487635098
494967494
502183865
509307835
516338184
523275788
530103143
536870912
563071348
588096688
612120983
635231739
657528954
679077120
699981355
720269532
740011820
759242982
777983575
796294632
814200712
831714523
848862941
865669197
882145033
898352639
914246124
929862552
945258343
960379646
975270206
989934999
1004367740
1018615679
1032676379
1046551585
1060206300
